Alba@PC2 MINGW32 ~/DH
$ mkdir dh peliculas

Alba@PC2 MINGW32 ~/DH
$ ls
dh/  peliculas/

Alba@PC2 MINGW32 ~/DH
$ rmdir dh

Alba@PC2 MINGW32 ~/DH
$ ls
peliculas/

Alba@PC2 MINGW32 ~/DH
$ dm peliculas
bash: dm: command not found

Alba@PC2 MINGW32 ~/DH
$ cd peliculas

Alba@PC2 MINGW32 ~/DH/peliculas
$ mv peliculas Peliculas
mv: cannot stat 'peliculas': No such file or directory

Alba@PC2 MINGW32 ~/DH/peliculas
$ mv ~/DH/peliculas
mv: missing destination file operand after '/c/Users/Alba/DH/peliculas'
Try 'mv --help' for more information.

Alba@PC2 MINGW32 ~/DH/peliculas
$ mkdir Infantiles Accion Terror Comedia Romanticas

Alba@PC2 MINGW32 ~/DH/peliculas
$ ls
Accion/  Comedia/  Infantiles/  Romanticas/  Terror/

Alba@PC2 MINGW32 ~/DH/peliculas
$ cd Infantiles

Alba@PC2 MINGW32 ~/DH/peliculas/Infantiles
$ touch Intenzamente El_juego_del_miedo Rapido_y_furioso Titanic

Alba@PC2 MINGW32 ~/DH/peliculas/Infantiles
$ ls
El_juego_del_miedo  Intenzamente  Rapido_y_furioso  Titanic

Alba@PC2 MINGW32 ~/DH/peliculas/Infantiles
$ cd ..

Alba@PC2 MINGW32 ~/DH/peliculas
$ cd Accion

Alba@PC2 MINGW32 ~/DH/peliculas/Accion
$ Smooth_Criminal Diario_de_una_pasion El_hexorcista Cars
bash: Smooth_Criminal: command not found

Alba@PC2 MINGW32 ~/DH/peliculas/Accion
$ cd ..

Alba@PC2 MINGW32 ~/DH/peliculas
$ cd Terror

Alba@PC2 MINGW32 ~/DH/peliculas/Terror
$ La_dama_y_el_bagavundo Yo_antes_de_ti Que_paso_ayer We_will_rock_you
bash: La_dama_y_el_bagavundo: command not found

Alba@PC2 MINGW32 ~/DH/peliculas/Terror
$ cd ..

Alba@PC2 MINGW32 ~/DH/peliculas
$ cd Accion

Alba@PC2 MINGW32 ~/DH/peliculas/Accion
$ touch Smooth_Criminal Diario_de_una_pasion El_hexorcista Cars

Alba@PC2 MINGW32 ~/DH/peliculas/Accion
$ ls
Cars  Diario_de_una_pasion  El_hexorcista  Smooth_Criminal

Alba@PC2 MINGW32 ~/DH/peliculas/Accion
$ cd ..

Alba@PC2 MINGW32 ~/DH/peliculas
$ cd Terror

Alba@PC2 MINGW32 ~/DH/peliculas/Terror
$ touch La_dama_y_el_bagavundo Yo_antes_de_ti Que_paso_ayer We_will_rock_you

Alba@PC2 MINGW32 ~/DH/peliculas/Terror
$ ls
La_dama_y_el_bagavundo  Que_paso_ayer  We_will_rock_you  Yo_antes_de_ti

Alba@PC2 MINGW32 ~/DH/peliculas/Terror
$ cd ..

Alba@PC2 MINGW32 ~/DH/peliculas
$ cd Comedia

Alba@PC2 MINGW32 ~/DH/peliculas/Comedia
$ touch Madagaskar Orgullo_y_Prejuicio IT Mision_Imposible_7

Alba@PC2 MINGW32 ~/DH/peliculas/Comedia
$ ls
IT  Madagaskar  Mision_Imposible_7  Orgullo_y_Prejuicio

Alba@PC2 MINGW32 ~/DH/peliculas/Comedia
$ cd ..

Alba@PC2 MINGW32 ~/DH/peliculas
$ cd Romantica
bash: cd: Romantica: No such file or directory

Alba@PC2 MINGW32 ~/DH/peliculas
$ cd Romanticas

Alba@PC2 MINGW32 ~/DH/peliculas/Romanticas
$ touch Pocahontas Anabelle Los_Vengadores La_mascara

Alba@PC2 MINGW32 ~/DH/peliculas/Romanticas
$ cd ..

Alba@PC2 MINGW32 ~/DH/peliculas
$ ls -R
.:
Accion/  Comedia/  Infantiles/  Romanticas/  Terror/

./Accion:
Cars  Diario_de_una_pasion  El_hexorcista  Smooth_Criminal

./Comedia:
IT  Madagaskar  Mision_Imposible_7  Orgullo_y_Prejuicio

./Infantiles:
El_juego_del_miedo  Intenzamente  Rapido_y_furioso  Titanic

./Romanticas:
Anabelle  La_mascara  Los_Vengadores  Pocahontas

./Terror:
La_dama_y_el_bagavundo  Que_paso_ayer  We_will_rock_you  Yo_antes_de_ti

Alba@PC2 MINGW32 ~/DH/peliculas
$
