Alba@PC2 MINGW32 ~/DH/peliculas/Accion
$ mv cars /c/Users/Alba/DH/peliculas/Infantiles

Alba@PC2 MINGW32 ~/DH/peliculas/Accion
$ ls
Diario_de_una_pasion  El_hexorcista  Smooth_Criminal

Alba@PC2 MINGW32 ~/DH/peliculas/Accion
$ mv Diario_de_una_pasion /c/Users/Alba/DH/peliculas/Romanticas

Alba@PC2 MINGW32 ~/DH/peliculas/Accion
$ mv El_hexorcista /c/Users/Alba/DH/peliculas/Terror

Alba@PC2 MINGW32 ~/DH/peliculas/Accion
$ rm Smooth_Criminal

Alba@PC2 MINGW32 ~/DH/peliculas/Accion
$ ls

Alba@PC2 MINGW32 ~/DH/peliculas/Accion
$ cd ..

Alba@PC2 MINGW32 ~/DH/peliculas
$ cd Terror

Alba@PC2 MINGW32 ~/DH/peliculas/Terror
$ ls
El_hexorcista  La_dama_y_el_bagavundo  Que_paso_ayer  We_will_rock_you  Yo_antes_de_ti

Alba@PC2 MINGW32 ~/DH/peliculas/Terror
$ mv La_dama_y_el_bagavundo /c/Users/Alba/DH/peliculas/Infantiles

Alba@PC2 MINGW32 ~/DH/peliculas/Terror
$ mv Que_paso_ayer /c/Users/Alba/DH/peliculas/Comedia

Alba@PC2 MINGW32 ~/DH/peliculas/Terror


Alba@PC2 MINGW32 ~/DH/peliculas/Terror
$ rm Will_we_rock_you
rm: cannot remove 'Will_we_rock_you': No such file or directory

Alba@PC2 MINGW32 ~/DH/peliculas/Terror
$ rm We_will_rock_you

Alba@PC2 MINGW32 ~/DH/peliculas/Terror
$ mv Yo_antes_de_ti /c/Users/Alba/DH/peliculas/Romanticas

Alba@PC2 MINGW32 ~/DH/peliculas/Terror
$ cd ..

Alba@PC2 MINGW32 ~/DH/peliculas
$ cd Comedia

Alba@PC2 MINGW32 ~/DH/peliculas/Comedia
$ ls
IT  Madagaskar  Mision_Imposible_7  Orgullo_y_Prejuicio  Que_paso_ayer

Alba@PC2 MINGW32 ~/DH/peliculas/Comedia
$ mv IT /c/Users/Alba/DH/peliculas/Terror

Alba@PC2 MINGW32 ~/DH/peliculas/Comedia
$ mv Madagaskar /c/Users/Alba/DH/peliculas/Infantiles

Alba@PC2 MINGW32 ~/DH/peliculas/Comedia
$ mv Mision_Imposible_7 /c/Users/Alba/DH/peliculas/Accion

Alba@PC2 MINGW32 ~/DH/peliculas/Comedia
$ mv Orgullo_y_Prejuicio /c/Users/Alba/DH/peliclas/Romanticas
mv: cannot move 'Orgullo_y_Prejuicio' to '/c/Users/Alba/DH/peliclas/Romanticas': No such file or directory

Alba@PC2 MINGW32 ~/DH/peliculas/Comedia
$ $ mv Orgullo_y_Prejuicio /c/Users/Alba/DH/peliculas/Romanticas
bash: $: command not found

Alba@PC2 MINGW32 ~/DH/peliculas/Comedia
$  mv Orgullo_y_Prejuicio /c/Users/Alba/DH/peliculas/Romanticas

Alba@PC2 MINGW32 ~/DH/peliculas/Comedia
$ ls
Que_paso_ayer

Alba@PC2 MINGW32 ~/DH/peliculas/Comedia
$ cd ..

Alba@PC2 MINGW32 ~/DH/peliculas
$ cd Infantiles

Alba@PC2 MINGW32 ~/DH/peliculas/Infantiles
$ ls
cars  El_juego_del_miedo  Intenzamente  La_dama_y_el_bagavundo  Madagaskar  Rapido_y_furioso  Titanic

Alba@PC2 MINGW32 ~/DH/peliculas/Infantiles
$ mv El_juego_del_miedo /c/Users/Alba/DH/peliculas/Terror

Alba@PC2 MINGW32 ~/DH/peliculas/Infantiles
$ mv Rapido_y_Furioso /c/Users/Alba/DH/peliculas/Accion

Alba@PC2 MINGW32 ~/DH/peliculas/Infantiles
$ mv Titanic /c/Users/Alba/DH/peliculas/Romanticas

Alba@PC2 MINGW32 ~/DH/peliculas/Infantiles
$ ls
cars  Intenzamente  La_dama_y_el_bagavundo  Madagaskar

Alba@PC2 MINGW32 ~/DH/peliculas/Infantiles
$ cd ..

Alba@PC2 MINGW32 ~/DH/peliculas
$ ls _R
ls: cannot access '_R': No such file or directory

Alba@PC2 MINGW32 ~/DH/peliculas
$ ls -R
.:
Accion/  Comedia/  Infantiles/  Romanticas/  Terror/

./Accion:
Mision_Imposible_7  Rapido_y_Furioso

./Comedia:
Que_paso_ayer

./Infantiles:
cars  Intenzamente  La_dama_y_el_bagavundo  Madagaskar

./Romanticas:
Anabelle  Diario_de_una_pasion  La_mascara  Los_Vengadores  Orgullo_y_Prejuicio  Pocahontas  Titanic  Yo_antes_de_ti

./Terror:
El_hexorcista  El_juego_del_miedo  IT

Alba@PC2 MINGW32 ~/DH/peliculas
$ cd Roamnticas
bash: cd: Roamnticas: No such file or directory

Alba@PC2 MINGW32 ~/DH/peliculas
$ cd Romanticas

Alba@PC2 MINGW32 ~/DH/peliculas/Romanticas
$ ls
Anabelle  Diario_de_una_pasion  La_mascara  Los_Vengadores  Orgullo_y_Prejuicio  Pocahontas  Titanic  Yo_antes_de_ti

Alba@PC2 MINGW32 ~/DH/peliculas/Romanticas
$ mv Anabelle /c/Users/Alba/DH/peliculas/Terror

Alba@PC2 MINGW32 ~/DH/peliculas/Romanticas
$ mv La_mascara /c/Users/Alba/DH/peliculas/Comedia

Alba@PC2 MINGW32 ~/DH/peliculas/Romanticas
$ mv Los_Vengadores /c/Users/Alba/DH/peliculas/Accion

Alba@PC2 MINGW32 ~/DH/peliculas/Romanticas
$ ls
Diario_de_una_pasion  Orgullo_y_Prejuicio  Pocahontas  Titanic  Yo_antes_de_ti

Alba@PC2 MINGW32 ~/DH/peliculas/Romanticas
$ cd ..

Alba@PC2 MINGW32 ~/DH/peliculas
$ ls -R
.:
Accion/  Comedia/  Infantiles/  Romanticas/  Terror/

./Accion:
Los_Vengadores  Mision_Imposible_7  Rapido_y_Furioso

./Comedia:
La_mascara  Que_paso_ayer

./Infantiles:
cars  Intenzamente  La_dama_y_el_bagavundo  Madagaskar

./Romanticas:
Diario_de_una_pasion  Orgullo_y_Prejuicio  Pocahontas  Titanic  Yo_antes_de_ti

./Terror:
Anabelle  El_hexorcista  El_juego_del_miedo  IT

Alba@PC2 MINGW32 ~/DH/peliculas
$ cd Romanticas

Alba@PC2 MINGW32 ~/DH/peliculas/Romanticas
$ mv ..Pocahontas/Intantiles
mv: missing destination file operand after '..Pocahontas/Intantiles'
Try 'mv --help' for more information.

Alba@PC2 MINGW32 ~/DH/peliculas/Romanticas
$ mv .. Pocahontas /Infantiles 
mv: target '/Infantiles' is not a directory

Alba@PC2 MINGW32 ~/DH/peliculas/Romanticas
$ mv Pocahontas ../Infantiles

Alba@PC2 MINGW32 ~/DH/peliculas/Romanticas
$ cd ../Infantiles

Alba@PC2 MINGW32 ~/DH/peliculas/Infantiles
$ ls
cars  Intenzamente  La_dama_y_el_bagavundo  Madagaskar  Pocahontas

Alba@PC2 MINGW32 ~/DH/peliculas/Infantiles
$ mv Madagaskar Madagascar

Alba@PC2 MINGW32 ~/DH/peliculas/Infantiles
$ ls
cars  Intenzamente  La_dama_y_el_bagavundo  Madagascar  Pocahontas

Alba@PC2 MINGW32 ~/DH/peliculas/Infantiles
$ mv Intenzamente Intensamente

Alba@PC2 MINGW32 ~/DH/peliculas/Infantiles
$ mv cars Cars

Alba@PC2 MINGW32 ~/DH/peliculas/Infantiles
$ ls
Cars  Intensamente  La_dama_y_el_bagavundo  Madagascar  Pocahontas

Alba@PC2 MINGW32 ~/DH/peliculas/Infantiles
$ cd ../Accion

Alba@PC2 MINGW32 ~/DH/peliculas/Accion
$ ls
Los_Vengadores  Mision_Imposible_7  Rapido_y_Furioso

Alba@PC2 MINGW32 ~/DH/peliculas/Accion
$ mv Rapido_y_Furioso Rapidos_y_Furiosos

Alba@PC2 MINGW32 ~/DH/peliculas/Accion
$ ls
Los_Vengadores  Mision_Imposible_7  Rapidos_y_Furiosos

Alba@PC2 MINGW32 ~/DH/peliculas/Accion
$ cd ../Romanticas

Alba@PC2 MINGW32 ~/DH/peliculas/Romanticas
$ ls
Diario_de_una_pasion  Orgullo_y_Prejuicio  Titanic  Yo_antes_de_ti

Alba@PC2 MINGW32 ~/DH/peliculas/Romanticas
$ cd ../Terror

Alba@PC2 MINGW32 ~/DH/peliculas/Terror
$ ls
Anabelle  El_hexorcista  El_juego_del_miedo  IT

Alba@PC2 MINGW32 ~/DH/peliculas/Terror
$ mv El_hexorcista El_exorcista

Alba@PC2 MINGW32 ~/DH/peliculas/Terror
$ ls
Anabelle  El_exorcista  El_juego_del_miedo  IT

Alba@PC2 MINGW32 ~/DH/peliculas/Terror
$ cd ..

Alba@PC2 MINGW32 ~/DH/peliculas
$ ls -R
.:
Accion/  Comedia/  Infantiles/  Romanticas/  Terror/

./Accion:
Los_Vengadores  Mision_Imposible_7  Rapidos_y_Furiosos

./Comedia:
La_mascara  Que_paso_ayer

./Infantiles:
Cars  Intensamente  La_dama_y_el_bagavundo  Madagascar  Pocahontas

./Romanticas:
Diario_de_una_pasion  Orgullo_y_Prejuicio  Titanic  Yo_antes_de_ti

./Terror:
Anabelle  El_exorcista  El_juego_del_miedo  IT

Alba@PC2 MINGW32 ~/DH/peliculas
$